error: No operation `invalidMutation` in `Mutation`
 --> tests/fail/invalid_operation_override.rs:6:36
  |
6 |     field_type_override = Mutation.invalidMutation: String,
  |                                    ^^^^^^^^^^^^^^^
